<?xml version="1.0" encoding="UTF-8"?>
<testsuites>
    <testsuite name="searching-for-vote-cards-app;google-search-for-vote-cards-app" tests="2" failures="0" skipped="0">
        <properties>
            <property name="URI" value="D:/nhan.phan/Testing/selenium-cucumber-js/features/google-search.feature">
            </property>
        </properties>
        <testcase name="When I search Google for &quot;itunes vote cards app&quot;" classname="searching-for-vote-cards-app;google-search-for-vote-cards-app" time="5.05464568">
        </testcase>
        <testcase name="Then I should see some results" classname="searching-for-vote-cards-app;google-search-for-vote-cards-app" time="0.019040235">
        </testcase>
    </testsuite>
</testsuites>